// Jest Snapshot v1, https://goo.gl/fbAQLP

exports[`should render App 1`] = `
<div
  className="App"
  id="app"
>
  <header
    className="App-header"
  >
    Sortable React table
  </header>
  <div
    className="content-container"
  >
    <div
      className="App__button-container"
    >
      <button
        className="App__button btn"
        onClick={[Function]}
      >
        Add new post
      </button>
    </div>
    <Modal
      ariaHideApp={true}
      bodyOpenClassName="ReactModal__Body--open"
      closeTimeoutMS={0}
      contentLabel="Add Post Modal"
      isOpen={false}
      onRequestClose={[Function]}
      parentSelector={[Function]}
      portalClassName="ReactModalPortal"
      role="dialog"
      shouldCloseOnEsc={true}
      shouldCloseOnOverlayClick={true}
      shouldFocusAfterRender={true}
      shouldReturnFocusAfterClose={true}
    >
      <div
        className="content-container"
      >
        <h2
          className="AddPost__title"
        >
          Add new Post data
        </h2>
        <button
          className="App__button btn"
          onClick={[Function]}
        >
          Close
        </button>
        <ConnectFunction
          afterAdd={[Function]}
        />
      </div>
    </Modal>
    <Tabular />
  </div>
</div>
`;
