// Jest Snapshot v1, https://goo.gl/fbAQLP

exports[`should render ArrowsUpDown 1`] = `
<div
  className="ArrowsUpDown"
>
  <FaAngleUp
    onClick={[Function]}
  />
  <FaAngleDown
    onClick={[Function]}
  />
</div>
`;
